// Jest Snapshot v1, https://goo.gl/fbAQLP

exports[`< Nav />  should render the heading 1`] = `
.c0 {
  width: 100%;
  height: 100%;
  background: blue;
}

<nav
  class="c0"
>
  <h1>
    Nav
  </h1>
</nav>
`;
